[INFO] Scanning for projects...
[INFO] 
[INFO] -----------------------< org.example:projetjava >-----------------------
[INFO] Building projetjava 1.0-SNAPSHOT
[INFO]   from pom.xml
[INFO] --------------------------------[ jar ]---------------------------------
[WARNING] 6 problems were encountered while building the effective model for org.openjfx:javafx-controls:jar:21.0.2 during dependency collection step for project (use -X to see details)
[WARNING] The POM for org.mockito:mockito-core:jar:5.7.1 is missing, no dependency information available
[WARNING] The POM for org.mockito:mockito-junit-jupiter:jar:5.7.1 is missing, no dependency information available
[INFO] ------------------------------------------------------------------------
[INFO] BUILD FAILURE
[INFO] ------------------------------------------------------------------------
[INFO] Total time:  1.276 s
[INFO] Finished at: 2026-04-28T10:06:00+01:00
[INFO] ------------------------------------------------------------------------
[ERROR] Failed to execute goal on project projetjava: Could not resolve dependencies for project org.example:projetjava:jar:1.0-SNAPSHOT
[ERROR] dependency: org.mockito:mockito-core:jar:5.7.1 (test)
[ERROR] 	org.mockito:mockito-core:jar:5.7.1 was not found in https://repo.maven.apache.org/maven2 during a previous attempt. This failure was cached in the local repository and resolution is not reattempted until the update interval of central has elapsed or updates are forced
[ERROR] dependency: org.mockito:mockito-junit-jupiter:jar:5.7.1 (test)
[ERROR] 	org.mockito:mockito-junit-jupiter:jar:5.7.1 was not found in https://repo.maven.apache.org/maven2 during a previous attempt. This failure was cached in the local repository and resolution is not reattempted until the update interval of central has elapsed or updates are forced
[ERROR] 
[ERROR] -> [Help 1]
[ERROR] 
[ERROR] To see the full stack trace of the errors, re-run Maven with the -e switch.
[ERROR] Re-run Maven using the -X switch to enable full debug logging.
[ERROR] 
[ERROR] For more information about the errors and possible solutions, please read the following articles:
[ERROR] [Help 1] http://cwiki.apache.org/confluence/display/MAVEN/DependencyResolutionException
